2026-03-09T05:02:34.859464+00:00 ERROR 'ansible_navigator.actions.collections._parse' /home/student/system-storage/collections/ansible_collections/redhat/rhel_system_roles/roles/cockpit/meta/argument_specs.yml Failed to find argument_specs.yml for role in redhat.rhel_system_roles.
2026-03-09T05:02:34.860104+00:00 ERROR 'ansible_navigator.actions.collections._parse' /home/student/system-storage/collections/ansible_collections/redhat/rhel_system_roles/roles/firewall/meta/argument_specs.yml Failed to find argument_specs.yml for role in redhat.rhel_system_roles.
2026-03-09T05:02:34.860173+00:00 ERROR 'ansible_navigator.actions.collections._parse' /home/student/system-storage/collections/ansible_collections/redhat/rhel_system_roles/roles/vpn/meta/argument_specs.yml Failed to find argument_specs.yml for role in redhat.rhel_system_roles.
2026-03-09T05:02:34.860197+00:00 ERROR 'ansible_navigator.actions.collections._parse' /home/student/system-storage/collections/ansible_collections/redhat/rhel_system_roles/roles/ha_cluster/meta/argument_specs.yml Failed to find argument_specs.yml for role in redhat.rhel_system_roles.
2026-03-09T05:02:34.860218+00:00 ERROR 'ansible_navigator.actions.collections._parse' /home/student/system-storage/collections/ansible_collections/redhat/rhel_system_roles/roles/ssh/meta/argument_specs.yml Failed to find argument_specs.yml for role in redhat.rhel_system_roles.
2026-03-09T05:02:34.860237+00:00 ERROR 'ansible_navigator.actions.collections._parse' /home/student/system-storage/collections/ansible_collections/redhat/rhel_system_roles/roles/sshd/meta/argument_specs.yml Failed to find argument_specs.yml for role in redhat.rhel_system_roles.
2026-03-09T05:02:34.860256+00:00 ERROR 'ansible_navigator.actions.collections._parse' /home/student/system-storage/collections/ansible_collections/redhat/rhel_system_roles/roles/crypto_policies/meta/argument_specs.yml Failed to find argument_specs.yml for role in redhat.rhel_system_roles.
2026-03-09T05:02:34.860274+00:00 ERROR 'ansible_navigator.actions.collections._parse' /home/student/system-storage/collections/ansible_collections/redhat/rhel_system_roles/roles/certificate/meta/argument_specs.yml Failed to find argument_specs.yml for role in redhat.rhel_system_roles.
2026-03-09T05:02:34.860292+00:00 ERROR 'ansible_navigator.actions.collections._parse' /home/student/system-storage/collections/ansible_collections/redhat/rhel_system_roles/roles/nbde_client/meta/argument_specs.yml Failed to find argument_specs.yml for role in redhat.rhel_system_roles.
2026-03-09T05:02:34.860310+00:00 ERROR 'ansible_navigator.actions.collections._parse' /home/student/system-storage/collections/ansible_collections/redhat/rhel_system_roles/roles/nbde_server/meta/argument_specs.yml Failed to find argument_specs.yml for role in redhat.rhel_system_roles.
2026-03-09T05:02:34.860328+00:00 ERROR 'ansible_navigator.actions.collections._parse' /home/student/system-storage/collections/ansible_collections/redhat/rhel_system_roles/roles/private_logging_subrole_rsyslog/meta/argument_specs.yml Failed to find argument_specs.yml for role in redhat.rhel_system_roles.
2026-03-09T05:02:34.860348+00:00 ERROR 'ansible_navigator.actions.collections._parse' /home/student/system-storage/collections/ansible_collections/redhat/rhel_system_roles/roles/logging/meta/argument_specs.yml Failed to find argument_specs.yml for role in redhat.rhel_system_roles.
2026-03-09T05:02:34.860366+00:00 ERROR 'ansible_navigator.actions.collections._parse' /home/student/system-storage/collections/ansible_collections/redhat/rhel_system_roles/roles/kernel_settings/meta/argument_specs.yml Failed to find argument_specs.yml for role in redhat.rhel_system_roles.
2026-03-09T05:02:34.860384+00:00 ERROR 'ansible_navigator.actions.collections._parse' /home/student/system-storage/collections/ansible_collections/redhat/rhel_system_roles/roles/tlog/meta/argument_specs.yml Failed to find argument_specs.yml for role in redhat.rhel_system_roles.
2026-03-09T05:02:34.860401+00:00 ERROR 'ansible_navigator.actions.collections._parse' /home/student/system-storage/collections/ansible_collections/redhat/rhel_system_roles/roles/private_metrics_subrole_bpftrace/meta/argument_specs.yml Failed to find argument_specs.yml for role in redhat.rhel_system_roles.
2026-03-09T05:02:34.860426+00:00 ERROR 'ansible_navigator.actions.collections._parse' /home/student/system-storage/collections/ansible_collections/redhat/rhel_system_roles/roles/private_metrics_subrole_elasticsearch/meta/argument_specs.yml Failed to find argument_specs.yml for role in redhat.rhel_system_roles.
2026-03-09T05:02:34.860445+00:00 ERROR 'ansible_navigator.actions.collections._parse' /home/student/system-storage/collections/ansible_collections/redhat/rhel_system_roles/roles/private_metrics_subrole_grafana/meta/argument_specs.yml Failed to find argument_specs.yml for role in redhat.rhel_system_roles.
2026-03-09T05:02:34.860463+00:00 ERROR 'ansible_navigator.actions.collections._parse' /home/student/system-storage/collections/ansible_collections/redhat/rhel_system_roles/roles/private_metrics_subrole_mssql/meta/argument_specs.yml Failed to find argument_specs.yml for role in redhat.rhel_system_roles.
2026-03-09T05:02:34.860481+00:00 ERROR 'ansible_navigator.actions.collections._parse' /home/student/system-storage/collections/ansible_collections/redhat/rhel_system_roles/roles/private_metrics_subrole_pcp/meta/argument_specs.yml Failed to find argument_specs.yml for role in redhat.rhel_system_roles.
2026-03-09T05:02:34.860499+00:00 ERROR 'ansible_navigator.actions.collections._parse' /home/student/system-storage/collections/ansible_collections/redhat/rhel_system_roles/roles/private_metrics_subrole_postfix/meta/argument_specs.yml Failed to find argument_specs.yml for role in redhat.rhel_system_roles.
2026-03-09T05:02:34.860517+00:00 ERROR 'ansible_navigator.actions.collections._parse' /home/student/system-storage/collections/ansible_collections/redhat/rhel_system_roles/roles/private_metrics_subrole_redis/meta/argument_specs.yml Failed to find argument_specs.yml for role in redhat.rhel_system_roles.
2026-03-09T05:02:34.860534+00:00 ERROR 'ansible_navigator.actions.collections._parse' /home/student/system-storage/collections/ansible_collections/redhat/rhel_system_roles/roles/private_metrics_subrole_repository/meta/argument_specs.yml Failed to find argument_specs.yml for role in redhat.rhel_system_roles.
2026-03-09T05:02:34.860552+00:00 ERROR 'ansible_navigator.actions.collections._parse' /home/student/system-storage/collections/ansible_collections/redhat/rhel_system_roles/roles/private_metrics_subrole_spark/meta/argument_specs.yml Failed to find argument_specs.yml for role in redhat.rhel_system_roles.
2026-03-09T05:02:34.860570+00:00 ERROR 'ansible_navigator.actions.collections._parse' /home/student/system-storage/collections/ansible_collections/redhat/rhel_system_roles/roles/metrics/meta/argument_specs.yml Failed to find argument_specs.yml for role in redhat.rhel_system_roles.
2026-03-09T05:02:34.860587+00:00 ERROR 'ansible_navigator.actions.collections._parse' /home/student/system-storage/collections/ansible_collections/redhat/rhel_system_roles/roles/storage/meta/argument_specs.yml Failed to find argument_specs.yml for role in redhat.rhel_system_roles.
2026-03-09T05:02:34.860605+00:00 ERROR 'ansible_navigator.actions.collections._parse' /home/student/system-storage/collections/ansible_collections/redhat/rhel_system_roles/roles/network/meta/argument_specs.yml Failed to find argument_specs.yml for role in redhat.rhel_system_roles.
2026-03-09T05:02:34.860623+00:00 ERROR 'ansible_navigator.actions.collections._parse' /home/student/system-storage/collections/ansible_collections/redhat/rhel_system_roles/roles/kdump/meta/argument_specs.yml Failed to find argument_specs.yml for role in redhat.rhel_system_roles.
2026-03-09T05:02:34.860641+00:00 ERROR 'ansible_navigator.actions.collections._parse' /home/student/system-storage/collections/ansible_collections/redhat/rhel_system_roles/roles/timesync/meta/argument_specs.yml Failed to find argument_specs.yml for role in redhat.rhel_system_roles.
2026-03-09T05:02:34.860658+00:00 ERROR 'ansible_navigator.actions.collections._parse' /home/student/system-storage/collections/ansible_collections/redhat/rhel_system_roles/roles/selinux/meta/argument_specs.yml Failed to find argument_specs.yml for role in redhat.rhel_system_roles.
2026-03-09T05:02:34.860680+00:00 ERROR 'ansible_navigator.actions.collections._parse' /home/student/system-storage/collections/ansible_collections/redhat/rhel_system_roles/roles/postfix/meta/argument_specs.yml Failed to find argument_specs.yml for role in redhat.rhel_system_roles.
2026-03-09T05:02:34.860698+00:00 ERROR 'ansible_navigator.actions.collections._parse' /usr/share/ansible/collections/ansible_collections/ansible/network/roles/resource_manager/meta/argument_specs.yml Failed to find argument_specs.yml for role in ansible.network.
2026-03-09T05:02:34.860717+00:00 ERROR 'ansible_navigator.actions.collections._parse' /usr/share/ansible/collections/ansible_collections/ansible/network/roles/resource_manager/meta/main.yml Failed to find main.yml for role in ansible.network.
2026-03-09T05:02:34.860736+00:00 ERROR 'ansible_navigator.actions.collections._parse' /usr/share/ansible/collections/ansible_collections/redhat/insights/roles/compliance/meta/argument_specs.yml Failed to find argument_specs.yml for role in redhat.insights.
2026-03-09T05:02:34.860754+00:00 ERROR 'ansible_navigator.actions.collections._parse' /usr/share/ansible/collections/ansible_collections/redhat/insights/roles/insights_client/meta/argument_specs.yml Failed to find argument_specs.yml for role in redhat.insights.
2026-03-09T05:02:34.860772+00:00 ERROR 'ansible_navigator.actions.collections._parse' /usr/share/ansible/collections/ansible_collections/redhat/rhv/roles/cluster_upgrade/meta/argument_specs.yml Failed to find argument_specs.yml for role in redhat.rhv.
2026-03-09T05:02:34.860790+00:00 ERROR 'ansible_navigator.actions.collections._parse' /usr/share/ansible/collections/ansible_collections/redhat/rhv/roles/cluster_upgrade/meta/main.yml Failed to find main.yml for role in redhat.rhv.
2026-03-09T05:02:34.860808+00:00 ERROR 'ansible_navigator.actions.collections._parse' /usr/share/ansible/collections/ansible_collections/redhat/rhv/roles/disaster_recovery/meta/argument_specs.yml Failed to find argument_specs.yml for role in redhat.rhv.
2026-03-09T05:02:34.860826+00:00 ERROR 'ansible_navigator.actions.collections._parse' /usr/share/ansible/collections/ansible_collections/redhat/rhv/roles/disaster_recovery/meta/main.yml Failed to find main.yml for role in redhat.rhv.
2026-03-09T05:02:34.860844+00:00 ERROR 'ansible_navigator.actions.collections._parse' /usr/share/ansible/collections/ansible_collections/redhat/rhv/roles/engine_setup/meta/argument_specs.yml Failed to find argument_specs.yml for role in redhat.rhv.
2026-03-09T05:02:34.860862+00:00 ERROR 'ansible_navigator.actions.collections._parse' /usr/share/ansible/collections/ansible_collections/redhat/rhv/roles/engine_setup/meta/main.yml Failed to find main.yml for role in redhat.rhv.
2026-03-09T05:02:34.860879+00:00 ERROR 'ansible_navigator.actions.collections._parse' /usr/share/ansible/collections/ansible_collections/redhat/rhv/roles/hosted_engine_setup/meta/argument_specs.yml Failed to find argument_specs.yml for role in redhat.rhv.
2026-03-09T05:02:34.860918+00:00 ERROR 'ansible_navigator.actions.collections._parse' /usr/share/ansible/collections/ansible_collections/redhat/rhv/roles/hosted_engine_setup/meta/main.yml Failed to find main.yml for role in redhat.rhv.
2026-03-09T05:02:34.860937+00:00 ERROR 'ansible_navigator.actions.collections._parse' /usr/share/ansible/collections/ansible_collections/redhat/rhv/roles/image_template/meta/argument_specs.yml Failed to find argument_specs.yml for role in redhat.rhv.
2026-03-09T05:02:34.860955+00:00 ERROR 'ansible_navigator.actions.collections._parse' /usr/share/ansible/collections/ansible_collections/redhat/rhv/roles/image_template/meta/main.yml Failed to find main.yml for role in redhat.rhv.
2026-03-09T05:02:34.860979+00:00 ERROR 'ansible_navigator.actions.collections._parse' /usr/share/ansible/collections/ansible_collections/redhat/rhv/roles/infra/meta/argument_specs.yml Failed to find argument_specs.yml for role in redhat.rhv.
2026-03-09T05:02:34.861011+00:00 ERROR 'ansible_navigator.actions.collections._parse' /usr/share/ansible/collections/ansible_collections/redhat/rhv/roles/infra/meta/main.yml Failed to find main.yml for role in redhat.rhv.
2026-03-09T05:02:34.861035+00:00 ERROR 'ansible_navigator.actions.collections._parse' /usr/share/ansible/collections/ansible_collections/redhat/rhv/roles/manageiq/meta/argument_specs.yml Failed to find argument_specs.yml for role in redhat.rhv.
2026-03-09T05:02:34.861053+00:00 ERROR 'ansible_navigator.actions.collections._parse' /usr/share/ansible/collections/ansible_collections/redhat/rhv/roles/manageiq/meta/main.yml Failed to find main.yml for role in redhat.rhv.
2026-03-09T05:02:34.861071+00:00 ERROR 'ansible_navigator.actions.collections._parse' /usr/share/ansible/collections/ansible_collections/redhat/rhv/roles/remove_stale_lun/meta/argument_specs.yml Failed to find argument_specs.yml for role in redhat.rhv.
2026-03-09T05:02:34.861088+00:00 ERROR 'ansible_navigator.actions.collections._parse' /usr/share/ansible/collections/ansible_collections/redhat/rhv/roles/remove_stale_lun/meta/main.yml Failed to find main.yml for role in redhat.rhv.
2026-03-09T05:02:34.861105+00:00 ERROR 'ansible_navigator.actions.collections._parse' /usr/share/ansible/collections/ansible_collections/redhat/rhv/roles/repositories/meta/argument_specs.yml Failed to find argument_specs.yml for role in redhat.rhv.
2026-03-09T05:02:34.861123+00:00 ERROR 'ansible_navigator.actions.collections._parse' /usr/share/ansible/collections/ansible_collections/redhat/rhv/roles/repositories/meta/main.yml Failed to find main.yml for role in redhat.rhv.
2026-03-09T05:02:34.861140+00:00 ERROR 'ansible_navigator.actions.collections._parse' /usr/share/ansible/collections/ansible_collections/redhat/rhv/roles/shutdown_env/meta/argument_specs.yml Failed to find argument_specs.yml for role in redhat.rhv.
2026-03-09T05:02:34.861158+00:00 ERROR 'ansible_navigator.actions.collections._parse' /usr/share/ansible/collections/ansible_collections/redhat/rhv/roles/shutdown_env/meta/main.yml Failed to find main.yml for role in redhat.rhv.
2026-03-09T05:02:34.861175+00:00 ERROR 'ansible_navigator.actions.collections._parse' /usr/share/ansible/collections/ansible_collections/redhat/rhv/roles/vm_infra/meta/argument_specs.yml Failed to find argument_specs.yml for role in redhat.rhv.
2026-03-09T05:02:34.861193+00:00 ERROR 'ansible_navigator.actions.collections._parse' /usr/share/ansible/collections/ansible_collections/redhat/rhv/roles/vm_infra/meta/main.yml Failed to find main.yml for role in redhat.rhv.
2026-03-09T05:02:34.861210+00:00 ERROR 'ansible_navigator.actions.collections._parse' /usr/share/ansible/collections/ansible_collections/redhat/satellite/roles/activation_keys/meta/argument_specs.yml Failed to find argument_specs.yml for role in redhat.satellite.
2026-03-09T05:02:34.861228+00:00 ERROR 'ansible_navigator.actions.collections._parse' /usr/share/ansible/collections/ansible_collections/redhat/satellite/roles/activation_keys/meta/main.yml Failed to find main.yml for role in redhat.satellite.
2026-03-09T05:02:34.861245+00:00 ERROR 'ansible_navigator.actions.collections._parse' /usr/share/ansible/collections/ansible_collections/redhat/satellite/roles/auth_sources_ldap/meta/argument_specs.yml Failed to find argument_specs.yml for role in redhat.satellite.
2026-03-09T05:02:34.861263+00:00 ERROR 'ansible_navigator.actions.collections._parse' /usr/share/ansible/collections/ansible_collections/redhat/satellite/roles/auth_sources_ldap/meta/main.yml Failed to find main.yml for role in redhat.satellite.
2026-03-09T05:02:34.861280+00:00 ERROR 'ansible_navigator.actions.collections._parse' /usr/share/ansible/collections/ansible_collections/redhat/satellite/roles/compute_profiles/meta/argument_specs.yml Failed to find argument_specs.yml for role in redhat.satellite.
2026-03-09T05:02:34.861297+00:00 ERROR 'ansible_navigator.actions.collections._parse' /usr/share/ansible/collections/ansible_collections/redhat/satellite/roles/compute_profiles/meta/main.yml Failed to find main.yml for role in redhat.satellite.
2026-03-09T05:02:34.861319+00:00 ERROR 'ansible_navigator.actions.collections._parse' /usr/share/ansible/collections/ansible_collections/redhat/satellite/roles/compute_resources/meta/argument_specs.yml Failed to find argument_specs.yml for role in redhat.satellite.
2026-03-09T05:02:34.861337+00:00 ERROR 'ansible_navigator.actions.collections._parse' /usr/share/ansible/collections/ansible_collections/redhat/satellite/roles/compute_resources/meta/main.yml Failed to find main.yml for role in redhat.satellite.
2026-03-09T05:02:34.861355+00:00 ERROR 'ansible_navigator.actions.collections._parse' /usr/share/ansible/collections/ansible_collections/redhat/satellite/roles/content_credentials/meta/argument_specs.yml Failed to find argument_specs.yml for role in redhat.satellite.
2026-03-09T05:02:34.861372+00:00 ERROR 'ansible_navigator.actions.collections._parse' /usr/share/ansible/collections/ansible_collections/redhat/satellite/roles/content_credentials/meta/main.yml Failed to find main.yml for role in redhat.satellite.
2026-03-09T05:02:34.861389+00:00 ERROR 'ansible_navigator.actions.collections._parse' /usr/share/ansible/collections/ansible_collections/redhat/satellite/roles/content_rhel/meta/argument_specs.yml Failed to find argument_specs.yml for role in redhat.satellite.
2026-03-09T05:02:34.861407+00:00 ERROR 'ansible_navigator.actions.collections._parse' /usr/share/ansible/collections/ansible_collections/redhat/satellite/roles/content_rhel/meta/main.yml Failed to find main.yml for role in redhat.satellite.
2026-03-09T05:02:34.861425+00:00 ERROR 'ansible_navigator.actions.collections._parse' /usr/share/ansible/collections/ansible_collections/redhat/satellite/roles/content_view_publish/meta/argument_specs.yml Failed to find argument_specs.yml for role in redhat.satellite.
2026-03-09T05:02:34.861442+00:00 ERROR 'ansible_navigator.actions.collections._parse' /usr/share/ansible/collections/ansible_collections/redhat/satellite/roles/content_view_publish/meta/main.yml Failed to find main.yml for role in redhat.satellite.
2026-03-09T05:02:34.861460+00:00 ERROR 'ansible_navigator.actions.collections._parse' /usr/share/ansible/collections/ansible_collections/redhat/satellite/roles/content_view_version_cleanup/meta/argument_specs.yml Failed to find argument_specs.yml for role in redhat.satellite.
2026-03-09T05:02:34.861478+00:00 ERROR 'ansible_navigator.actions.collections._parse' /usr/share/ansible/collections/ansible_collections/redhat/satellite/roles/content_view_version_cleanup/meta/main.yml Failed to find main.yml for role in redhat.satellite.
2026-03-09T05:02:34.861495+00:00 ERROR 'ansible_navigator.actions.collections._parse' /usr/share/ansible/collections/ansible_collections/redhat/satellite/roles/content_views/meta/argument_specs.yml Failed to find argument_specs.yml for role in redhat.satellite.
2026-03-09T05:02:34.861513+00:00 ERROR 'ansible_navigator.actions.collections._parse' /usr/share/ansible/collections/ansible_collections/redhat/satellite/roles/content_views/meta/main.yml Failed to find main.yml for role in redhat.satellite.
2026-03-09T05:02:34.861530+00:00 ERROR 'ansible_navigator.actions.collections._parse' /usr/share/ansible/collections/ansible_collections/redhat/satellite/roles/convert2rhel/meta/argument_specs.yml Failed to find argument_specs.yml for role in redhat.satellite.
2026-03-09T05:02:34.861548+00:00 ERROR 'ansible_navigator.actions.collections._parse' /usr/share/ansible/collections/ansible_collections/redhat/satellite/roles/convert2rhel/meta/main.yml Failed to find main.yml for role in redhat.satellite.
2026-03-09T05:02:34.861565+00:00 ERROR 'ansible_navigator.actions.collections._parse' /usr/share/ansible/collections/ansible_collections/redhat/satellite/roles/domains/meta/argument_specs.yml Failed to find argument_specs.yml for role in redhat.satellite.
2026-03-09T05:02:34.861583+00:00 ERROR 'ansible_navigator.actions.collections._parse' /usr/share/ansible/collections/ansible_collections/redhat/satellite/roles/domains/meta/main.yml Failed to find main.yml for role in redhat.satellite.
2026-03-09T05:02:34.861603+00:00 ERROR 'ansible_navigator.actions.collections._parse' /usr/share/ansible/collections/ansible_collections/redhat/satellite/roles/hostgroups/meta/argument_specs.yml Failed to find argument_specs.yml for role in redhat.satellite.
2026-03-09T05:02:34.861622+00:00 ERROR 'ansible_navigator.actions.collections._parse' /usr/share/ansible/collections/ansible_collections/redhat/satellite/roles/hostgroups/meta/main.yml Failed to find main.yml for role in redhat.satellite.
2026-03-09T05:02:34.861639+00:00 ERROR 'ansible_navigator.actions.collections._parse' /usr/share/ansible/collections/ansible_collections/redhat/satellite/roles/lifecycle_environments/meta/argument_specs.yml Failed to find argument_specs.yml for role in redhat.satellite.
2026-03-09T05:02:34.861657+00:00 ERROR 'ansible_navigator.actions.collections._parse' /usr/share/ansible/collections/ansible_collections/redhat/satellite/roles/lifecycle_environments/meta/main.yml Failed to find main.yml for role in redhat.satellite.
2026-03-09T05:02:34.861675+00:00 ERROR 'ansible_navigator.actions.collections._parse' /usr/share/ansible/collections/ansible_collections/redhat/satellite/roles/manifest/meta/argument_specs.yml Failed to find argument_specs.yml for role in redhat.satellite.
2026-03-09T05:02:34.861693+00:00 ERROR 'ansible_navigator.actions.collections._parse' /usr/share/ansible/collections/ansible_collections/redhat/satellite/roles/manifest/meta/main.yml Failed to find main.yml for role in redhat.satellite.
2026-03-09T05:02:34.861711+00:00 ERROR 'ansible_navigator.actions.collections._parse' /usr/share/ansible/collections/ansible_collections/redhat/satellite/roles/operatingsystems/meta/argument_specs.yml Failed to find argument_specs.yml for role in redhat.satellite.
2026-03-09T05:02:34.861728+00:00 ERROR 'ansible_navigator.actions.collections._parse' /usr/share/ansible/collections/ansible_collections/redhat/satellite/roles/operatingsystems/meta/main.yml Failed to find main.yml for role in redhat.satellite.
2026-03-09T05:02:34.861746+00:00 ERROR 'ansible_navigator.actions.collections._parse' /usr/share/ansible/collections/ansible_collections/redhat/satellite/roles/organizations/meta/argument_specs.yml Failed to find argument_specs.yml for role in redhat.satellite.
2026-03-09T05:02:34.861763+00:00 ERROR 'ansible_navigator.actions.collections._parse' /usr/share/ansible/collections/ansible_collections/redhat/satellite/roles/organizations/meta/main.yml Failed to find main.yml for role in redhat.satellite.
2026-03-09T05:02:34.861781+00:00 ERROR 'ansible_navigator.actions.collections._parse' /usr/share/ansible/collections/ansible_collections/redhat/satellite/roles/provisioning_templates/meta/argument_specs.yml Failed to find argument_specs.yml for role in redhat.satellite.
2026-03-09T05:02:34.861799+00:00 ERROR 'ansible_navigator.actions.collections._parse' /usr/share/ansible/collections/ansible_collections/redhat/satellite/roles/provisioning_templates/meta/main.yml Failed to find main.yml for role in redhat.satellite.
2026-03-09T05:02:34.861816+00:00 ERROR 'ansible_navigator.actions.collections._parse' /usr/share/ansible/collections/ansible_collections/redhat/satellite/roles/repositories/meta/argument_specs.yml Failed to find argument_specs.yml for role in redhat.satellite.
2026-03-09T05:02:34.861834+00:00 ERROR 'ansible_navigator.actions.collections._parse' /usr/share/ansible/collections/ansible_collections/redhat/satellite/roles/repositories/meta/main.yml Failed to find main.yml for role in redhat.satellite.
2026-03-09T05:02:34.861851+00:00 ERROR 'ansible_navigator.actions.collections._parse' /usr/share/ansible/collections/ansible_collections/redhat/satellite/roles/settings/meta/argument_specs.yml Failed to find argument_specs.yml for role in redhat.satellite.
2026-03-09T05:02:34.861869+00:00 ERROR 'ansible_navigator.actions.collections._parse' /usr/share/ansible/collections/ansible_collections/redhat/satellite/roles/settings/meta/main.yml Failed to find main.yml for role in redhat.satellite.
2026-03-09T05:02:34.861897+00:00 ERROR 'ansible_navigator.actions.collections._parse' /usr/share/ansible/collections/ansible_collections/redhat/satellite/roles/subnets/meta/argument_specs.yml Failed to find argument_specs.yml for role in redhat.satellite.
2026-03-09T05:02:34.861917+00:00 ERROR 'ansible_navigator.actions.collections._parse' /usr/share/ansible/collections/ansible_collections/redhat/satellite/roles/subnets/meta/main.yml Failed to find main.yml for role in redhat.satellite.
2026-03-09T05:02:34.861935+00:00 ERROR 'ansible_navigator.actions.collections._parse' /usr/share/ansible/collections/ansible_collections/redhat/satellite/roles/sync_plans/meta/argument_specs.yml Failed to find argument_specs.yml for role in redhat.satellite.
2026-03-09T05:02:34.861953+00:00 ERROR 'ansible_navigator.actions.collections._parse' /usr/share/ansible/collections/ansible_collections/redhat/satellite/roles/sync_plans/meta/main.yml Failed to find main.yml for role in redhat.satellite.
2026-03-09T05:08:55.831025+00:00 CRITICAL 'ansible_navigator.actions.run_playbook._handle_message' Unhandled message from runner queue, discarded: {'event': 'verbose', 'uuid': 'd5fb28fe-5a09-4cab-b338-1b56b9aeb31a', 'counter': 1, 'stdout': '\x1b[0;31mERROR! We were unable to read either as JSON nor YAML, these are the errors we got from each:\x1b[0m', 'start_line': 0, 'end_line': 1, 'runner_ident': '4f24b724-993a-4d1d-81a4-dee05f1b254c', 'created': '2026-03-09T05:08:55.825715'}
2026-03-09T05:08:55.832127+00:00 CRITICAL 'ansible_navigator.actions.run_playbook._handle_message' Unhandled message from runner queue, discarded: {'event': 'verbose', 'uuid': '52f11362-b76f-4519-a2a5-dfdedf77c756', 'counter': 2, 'stdout': '\x1b[0;31mJSON: Expecting value: line 1 column 1 (char 0)\x1b[0m', 'start_line': 1, 'end_line': 2, 'runner_ident': '4f24b724-993a-4d1d-81a4-dee05f1b254c', 'created': '2026-03-09T05:08:55.826277'}
2026-03-09T05:08:55.832245+00:00 CRITICAL 'ansible_navigator.actions.run_playbook._handle_message' Unhandled message from runner queue, discarded: {'event': 'verbose', 'uuid': '27e49756-d9d4-4e77-a50e-658960f2d2a2', 'counter': 3, 'stdout': '\x1b[0;31m\x1b[0m', 'start_line': 2, 'end_line': 3, 'runner_ident': '4f24b724-993a-4d1d-81a4-dee05f1b254c', 'created': '2026-03-09T05:08:55.826364'}
2026-03-09T05:08:55.832309+00:00 CRITICAL 'ansible_navigator.actions.run_playbook._handle_message' Unhandled message from runner queue, discarded: {'event': 'verbose', 'uuid': 'ce76f43b-103b-4970-8359-da314979ee54', 'counter': 4, 'stdout': '\x1b[0;31mSyntax Error while loading YAML.\x1b[0m', 'start_line': 3, 'end_line': 4, 'runner_ident': '4f24b724-993a-4d1d-81a4-dee05f1b254c', 'created': '2026-03-09T05:08:55.826414'}
2026-03-09T05:08:55.832368+00:00 CRITICAL 'ansible_navigator.actions.run_playbook._handle_message' Unhandled message from runner queue, discarded: {'event': 'verbose', 'uuid': '7f3a608a-3959-460f-85fc-c232564a88a1', 'counter': 5, 'stdout': '\x1b[0;31m  mapping values are not allowed in this context\x1b[0m', 'start_line': 4, 'end_line': 5, 'runner_ident': '4f24b724-993a-4d1d-81a4-dee05f1b254c', 'created': '2026-03-09T05:08:55.826455'}
2026-03-09T05:08:55.832590+00:00 CRITICAL 'ansible_navigator.actions.run_playbook._handle_message' Unhandled message from runner queue, discarded: {'event': 'verbose', 'uuid': 'aa6db243-1372-414d-b2e8-03619a70bf12', 'counter': 6, 'stdout': '\x1b[0;31m\x1b[0m', 'start_line': 5, 'end_line': 6, 'runner_ident': '4f24b724-993a-4d1d-81a4-dee05f1b254c', 'created': '2026-03-09T05:08:55.826494'}
2026-03-09T05:08:55.832692+00:00 CRITICAL 'ansible_navigator.actions.run_playbook._handle_message' Unhandled message from runner queue, discarded: {'event': 'verbose', 'uuid': '3d08ad96-bd00-4aba-944c-9ddb2e937f3c', 'counter': 7, 'stdout': "\x1b[0;31mThe error appears to be in '/home/student/system-storage/storage.yml': line 5, column 20, but may\x1b[0m", 'start_line': 6, 'end_line': 7, 'runner_ident': '4f24b724-993a-4d1d-81a4-dee05f1b254c', 'created': '2026-03-09T05:08:55.826548'}
2026-03-09T05:08:55.832778+00:00 CRITICAL 'ansible_navigator.actions.run_playbook._handle_message' Unhandled message from runner queue, discarded: {'event': 'verbose', 'uuid': '3b79a01e-a158-420c-b786-03b475d3a14c', 'counter': 8, 'stdout': '\x1b[0;31mbe elsewhere in the file depending on the exact syntax problem.\x1b[0m', 'start_line': 7, 'end_line': 8, 'runner_ident': '4f24b724-993a-4d1d-81a4-dee05f1b254c', 'created': '2026-03-09T05:08:55.826587'}
2026-03-09T05:08:55.832839+00:00 CRITICAL 'ansible_navigator.actions.run_playbook._handle_message' Unhandled message from runner queue, discarded: {'event': 'verbose', 'uuid': 'cd64563f-2ff6-4661-8c8d-5fbf020c268f', 'counter': 9, 'stdout': '\x1b[0;31m\x1b[0m', 'start_line': 8, 'end_line': 9, 'runner_ident': '4f24b724-993a-4d1d-81a4-dee05f1b254c', 'created': '2026-03-09T05:08:55.826625'}
2026-03-09T05:08:55.832921+00:00 CRITICAL 'ansible_navigator.actions.run_playbook._handle_message' Unhandled message from runner queue, discarded: {'event': 'verbose', 'uuid': 'f5b4ec64-8ade-49b2-a542-e176f5fc5cc2', 'counter': 10, 'stdout': '\x1b[0;31mThe offending line appears to be:\x1b[0m', 'start_line': 9, 'end_line': 10, 'runner_ident': '4f24b724-993a-4d1d-81a4-dee05f1b254c', 'created': '2026-03-09T05:08:55.826664'}
2026-03-09T05:08:55.832989+00:00 CRITICAL 'ansible_navigator.actions.run_playbook._handle_message' Unhandled message from runner queue, discarded: {'event': 'verbose', 'uuid': '939a387a-4efa-461f-8b2c-4e3cb36a51e6', 'counter': 11, 'stdout': '\x1b[0;31m\x1b[0m', 'start_line': 10, 'end_line': 11, 'runner_ident': '4f24b724-993a-4d1d-81a4-dee05f1b254c', 'created': '2026-03-09T05:08:55.826702'}
2026-03-09T05:08:55.833124+00:00 CRITICAL 'ansible_navigator.actions.run_playbook._handle_message' Unhandled message from runner queue, discarded: {'event': 'verbose', 'uuid': 'd3424df2-ccfd-4219-8e04-21d5e9757001', 'counter': 12, 'stdout': '\x1b[0;31m    - redhat.rhel_system_roles.storage\x1b[0m', 'start_line': 11, 'end_line': 12, 'runner_ident': '4f24b724-993a-4d1d-81a4-dee05f1b254c', 'created': '2026-03-09T05:08:55.826740'}
2026-03-09T05:08:55.833241+00:00 CRITICAL 'ansible_navigator.actions.run_playbook._handle_message' Unhandled message from runner queue, discarded: {'event': 'verbose', 'uuid': '98c05be9-87c0-4f12-bc85-837b5e52cb62', 'counter': 13, 'stdout': '\x1b[0;31m      storage_pools:\x1b[0m', 'start_line': 12, 'end_line': 13, 'runner_ident': '4f24b724-993a-4d1d-81a4-dee05f1b254c', 'created': '2026-03-09T05:08:55.826780'}
2026-03-09T05:08:55.833395+00:00 CRITICAL 'ansible_navigator.actions.run_playbook._handle_message' Unhandled message from runner queue, discarded: {'event': 'verbose', 'uuid': '3c2039e9-5d50-40f2-8fa0-02705ec527c7', 'counter': 14, 'stdout': '\x1b[0;31m                   ^ here\x1b[0m', 'start_line': 13, 'end_line': 14, 'runner_ident': '4f24b724-993a-4d1d-81a4-dee05f1b254c', 'created': '2026-03-09T05:08:55.826817'}
2026-03-09T05:09:35.279401+00:00 CRITICAL 'ansible_navigator.actions.run_playbook._handle_message' Unhandled message from runner queue, discarded: {'event': 'verbose', 'uuid': '4ccb4e02-3a94-4f79-aa0c-6ebbe946aaea', 'counter': 63, 'stdout': "\x1b[1;35m[WARNING]: Unable to query 'service' tool (1):\x1b[0m", 'start_line': 56, 'end_line': 57, 'runner_ident': '05465b52-fc72-4201-a5e2-763bdc681831', 'created': '2026-03-09T05:09:35.275983'}
